// Jest Snapshot v1, https://goo.gl/fbAQLP

exports[`sing up should sign up a user 1`] = `
<View
  style={
    Object {
      "backgroundColor": "#EDEBE7",
      "display": "flex",
      "flex": 1,
      "paddingBottom": "5%",
      "paddingHorizontal": "5%",
      "paddingTop": undefined,
    }
  }
>
  <Text
    style={
      Array [
        Object {
          "color": "#173C4F",
          "fontFamily": "Josefin Sans",
          "fontSize": 35,
          "fontWeight": "700",
          "letterSpacing": 0.3,
        },
      ]
    }
  >
    Sign Up
  </Text>
  <View
    style={
      Object {
        "flex": 1,
        "paddingTop": "5%",
      }
    }
  >
    <View
      style={
        Object {
          "display": "flex",
          "flexDirection": "row",
          "paddingVertical": "2%",
        }
      }
    >
      <View
        style={
          Array [
            Object {
              "flex": 1,
            },
            Object {
              "marginRight": "5%",
            },
          ]
        }
      >
        <Text
          style={
            Array [
              Object {
                "color": "#173C4F",
                "fontFamily": "Poppins-SemiBold",
                "fontSize": 16,
                "fontWeight": "600",
                "includeFontPadding": false,
                "letterSpacing": 0.3,
              },
              Object {
                "marginBottom": "2.5%",
              },
            ]
          }
        >
          First Name
        </Text>
        <TextInput
          autoCapitalize="words"
          autoCompleteType="name"
          autoCorrect={false}
          keyboardType="default"
          maxLength={1235}
          onChangeText={[Function]}
          placeholder="Jane"
          placeholderTextColor="#D3D3D3"
          secureTextEntry={false}
          style={
            Object {
              "backgroundColor": "#F9F9F9",
              "borderRadius": 5,
              "color": "black",
              "height": 37,
              "marginBottom": "3.5%",
              "paddingHorizontal": 10,
            }
          }
          value=""
        />
      </View>
      <View
        style={
          Array [
            Object {
              "flex": 1,
            },
          ]
        }
      >
        <Text
          style={
            Array [
              Object {
                "color": "#173C4F",
                "fontFamily": "Poppins-SemiBold",
                "fontSize": 16,
                "fontWeight": "600",
                "includeFontPadding": false,
                "letterSpacing": 0.3,
              },
              Object {
                "marginBottom": "2.5%",
              },
            ]
          }
        >
          Last Name
        </Text>
        <TextInput
          autoCapitalize="words"
          autoCompleteType="name"
          autoCorrect={false}
          keyboardType="default"
          maxLength={1235}
          onChangeText={[Function]}
          placeholder="Doe"
          placeholderTextColor="#D3D3D3"
          secureTextEntry={false}
          style={
            Object {
              "backgroundColor": "#F9F9F9",
              "borderRadius": 5,
              "color": "black",
              "height": 37,
              "marginBottom": "3.5%",
              "paddingHorizontal": 10,
            }
          }
          value=""
        />
      </View>
    </View>
    <View>
      <Text
        style={
          Array [
            Object {
              "color": "#173C4F",
              "fontFamily": "Poppins-SemiBold",
              "fontSize": 16,
              "fontWeight": "600",
              "includeFontPadding": false,
              "letterSpacing": 0.3,
            },
            Object {
              "marginBottom": "2.5%",
            },
          ]
        }
      >
        Email
      </Text>
      <TextInput
        autoCapitalize="none"
        autoCompleteType="email"
        autoCorrect={false}
        keyboardType="default"
        maxLength={1235}
        onChangeText={[Function]}
        placeholder="janedoe@gmail.com"
        placeholderTextColor="#D3D3D3"
        secureTextEntry={false}
        style={
          Object {
            "backgroundColor": "#F9F9F9",
            "borderRadius": 5,
            "color": "black",
            "height": 37,
            "marginBottom": "3.5%",
            "paddingHorizontal": 10,
          }
        }
        value=""
      />
    </View>
    <View>
      <Text
        style={
          Array [
            Object {
              "color": "#173C4F",
              "fontFamily": "Poppins-SemiBold",
              "fontSize": 16,
              "fontWeight": "600",
              "includeFontPadding": false,
              "letterSpacing": 0.3,
            },
            Object {
              "marginBottom": "2.5%",
            },
          ]
        }
      >
        Password
      </Text>
      <TextInput
        autoCapitalize="none"
        autoCompleteType="password"
        autoCorrect={false}
        keyboardType="default"
        maxLength={1235}
        onChangeText={[Function]}
        placeholder=""
        placeholderTextColor="#D3D3D3"
        secureTextEntry={true}
        style={
          Object {
            "backgroundColor": "#F9F9F9",
            "borderRadius": 5,
            "color": "black",
            "height": 37,
            "marginBottom": "3.5%",
            "paddingHorizontal": 10,
          }
        }
        value=""
      />
    </View>
    <View>
      <Text
        style={
          Array [
            Object {
              "color": "#173C4F",
              "fontFamily": "Poppins-SemiBold",
              "fontSize": 16,
              "fontWeight": "600",
              "includeFontPadding": false,
              "letterSpacing": 0.3,
            },
            Object {
              "marginBottom": "2.5%",
            },
          ]
        }
      >
        Confirm Password
      </Text>
      <TextInput
        autoCapitalize="none"
        autoCompleteType="password"
        autoCorrect={false}
        keyboardType="default"
        maxLength={1235}
        onChangeText={[Function]}
        placeholder=""
        placeholderTextColor="#D3D3D3"
        secureTextEntry={true}
        style={
          Object {
            "backgroundColor": "#F9F9F9",
            "borderRadius": 5,
            "color": "black",
            "height": 37,
            "marginBottom": "3.5%",
            "paddingHorizontal": 10,
          }
        }
        value=""
      />
    </View>
    <Text
      onPress={[Function]}
      style={
        Array [
          Object {
            "color": "#173C4F",
            "fontFamily": "Poppins-Regular",
            "fontSize": 15,
            "includeFontPadding": false,
            "letterSpacing": 0.3,
          },
          Object {
            "marginVertical": "2%",
            "textAlignVertical": "bottom",
            "textDecorationLine": "underline",
          },
        ]
      }
    >
      Already have an account? Log in
    </Text>
  </View>
  <View
    style={
      Object {
        "flex": 1,
        "justifyContent": "flex-end",
        "marginBottom": "4%",
      }
    }
  >
    <View>
      <View
        collapsable={false}
        style={
          Object {
            "transform": Array [
              Object {
                "scale": 1,
              },
            ],
          }
        }
      >
        <View
          accessible={true}
          collapsable={false}
          focusable={true}
          onClick={[Function]}
          onResponderGrant={[Function]}
          onResponderMove={[Function]}
          onResponderRelease={[Function]}
          onResponderTerminate={[Function]}
          onResponderTerminationRequest={[Function]}
          onStartShouldSetResponder={[Function]}
          style={
            Object {
              "alignItems": "center",
              "backgroundColor": "#087562",
              "borderRadius": 13,
              "display": "flex",
              "flexDirection": "row",
              "height": 43,
              "justifyContent": "center",
              "opacity": 1,
              "width": 682.5,
            }
          }
        >
          <Text
            style={
              Object {
                "color": "#EFEFEF",
                "fontFamily": "Poppins-SemiBold",
                "fontSize": 17,
                "letterSpacing": 0.5,
              }
            }
          >
            Create Account
          </Text>
        </View>
      </View>
    </View>
  </View>
</View>
`;

exports[`sing up should sign up a user 2`] = `
<View
  style={
    Object {
      "backgroundColor": "#EDEBE7",
      "display": "flex",
      "flex": 1,
      "paddingBottom": "5%",
      "paddingHorizontal": "5%",
      "paddingTop": undefined,
    }
  }
>
  <Text
    style={
      Array [
        Object {
          "color": "#173C4F",
          "fontFamily": "Josefin Sans",
          "fontSize": 35,
          "fontWeight": "700",
          "letterSpacing": 0.3,
        },
      ]
    }
  >
    Sign Up
  </Text>
  <View
    style={
      Object {
        "flex": 1,
        "paddingTop": "5%",
      }
    }
  >
    <View
      style={
        Object {
          "display": "flex",
          "flexDirection": "row",
          "paddingVertical": "2%",
        }
      }
    >
      <View
        style={
          Array [
            Object {
              "flex": 1,
            },
            Object {
              "marginRight": "5%",
            },
          ]
        }
      >
        <Text
          style={
            Array [
              Object {
                "color": "#173C4F",
                "fontFamily": "Poppins-SemiBold",
                "fontSize": 16,
                "fontWeight": "600",
                "includeFontPadding": false,
                "letterSpacing": 0.3,
              },
              Object {
                "marginBottom": "2.5%",
              },
            ]
          }
        >
          First Name
        </Text>
        <TextInput
          autoCapitalize="words"
          autoCompleteType="name"
          autoCorrect={false}
          keyboardType="default"
          maxLength={1235}
          onChangeText={[Function]}
          placeholder="Jane"
          placeholderTextColor="#D3D3D3"
          secureTextEntry={false}
          style={
            Object {
              "backgroundColor": "#F9F9F9",
              "borderRadius": 5,
              "color": "black",
              "height": 37,
              "marginBottom": "3.5%",
              "paddingHorizontal": 10,
            }
          }
          value=""
        />
      </View>
      <View
        style={
          Array [
            Object {
              "flex": 1,
            },
          ]
        }
      >
        <Text
          style={
            Array [
              Object {
                "color": "#173C4F",
                "fontFamily": "Poppins-SemiBold",
                "fontSize": 16,
                "fontWeight": "600",
                "includeFontPadding": false,
                "letterSpacing": 0.3,
              },
              Object {
                "marginBottom": "2.5%",
              },
            ]
          }
        >
          Last Name
        </Text>
        <TextInput
          autoCapitalize="words"
          autoCompleteType="name"
          autoCorrect={false}
          keyboardType="default"
          maxLength={1235}
          onChangeText={[Function]}
          placeholder="Doe"
          placeholderTextColor="#D3D3D3"
          secureTextEntry={false}
          style={
            Object {
              "backgroundColor": "#F9F9F9",
              "borderRadius": 5,
              "color": "black",
              "height": 37,
              "marginBottom": "3.5%",
              "paddingHorizontal": 10,
            }
          }
          value=""
        />
      </View>
    </View>
    <View>
      <Text
        style={
          Array [
            Object {
              "color": "#173C4F",
              "fontFamily": "Poppins-SemiBold",
              "fontSize": 16,
              "fontWeight": "600",
              "includeFontPadding": false,
              "letterSpacing": 0.3,
            },
            Object {
              "marginBottom": "2.5%",
            },
          ]
        }
      >
        Email
      </Text>
      <TextInput
        autoCapitalize="none"
        autoCompleteType="email"
        autoCorrect={false}
        keyboardType="default"
        maxLength={1235}
        onChangeText={[Function]}
        placeholder="janedoe@gmail.com"
        placeholderTextColor="#D3D3D3"
        secureTextEntry={false}
        style={
          Object {
            "backgroundColor": "#F9F9F9",
            "borderRadius": 5,
            "color": "black",
            "height": 37,
            "marginBottom": "3.5%",
            "paddingHorizontal": 10,
          }
        }
        value=""
      />
    </View>
    <View>
      <Text
        style={
          Array [
            Object {
              "color": "#173C4F",
              "fontFamily": "Poppins-SemiBold",
              "fontSize": 16,
              "fontWeight": "600",
              "includeFontPadding": false,
              "letterSpacing": 0.3,
            },
            Object {
              "marginBottom": "2.5%",
            },
          ]
        }
      >
        Password
      </Text>
      <TextInput
        autoCapitalize="none"
        autoCompleteType="password"
        autoCorrect={false}
        keyboardType="default"
        maxLength={1235}
        onChangeText={[Function]}
        placeholder=""
        placeholderTextColor="#D3D3D3"
        secureTextEntry={true}
        style={
          Object {
            "backgroundColor": "#F9F9F9",
            "borderRadius": 5,
            "color": "black",
            "height": 37,
            "marginBottom": "3.5%",
            "paddingHorizontal": 10,
          }
        }
        value=""
      />
    </View>
    <View>
      <Text
        style={
          Array [
            Object {
              "color": "#173C4F",
              "fontFamily": "Poppins-SemiBold",
              "fontSize": 16,
              "fontWeight": "600",
              "includeFontPadding": false,
              "letterSpacing": 0.3,
            },
            Object {
              "marginBottom": "2.5%",
            },
          ]
        }
      >
        Confirm Password
      </Text>
      <TextInput
        autoCapitalize="none"
        autoCompleteType="password"
        autoCorrect={false}
        keyboardType="default"
        maxLength={1235}
        onChangeText={[Function]}
        placeholder=""
        placeholderTextColor="#D3D3D3"
        secureTextEntry={true}
        style={
          Object {
            "backgroundColor": "#F9F9F9",
            "borderRadius": 5,
            "color": "black",
            "height": 37,
            "marginBottom": "3.5%",
            "paddingHorizontal": 10,
          }
        }
        value=""
      />
    </View>
    <Text
      onPress={[Function]}
      style={
        Array [
          Object {
            "color": "#173C4F",
            "fontFamily": "Poppins-Regular",
            "fontSize": 15,
            "includeFontPadding": false,
            "letterSpacing": 0.3,
          },
          Object {
            "marginVertical": "2%",
            "textAlignVertical": "bottom",
            "textDecorationLine": "underline",
          },
        ]
      }
    >
      Already have an account? Log in
    </Text>
  </View>
  <View
    style={
      Object {
        "flex": 1,
        "justifyContent": "flex-end",
        "marginBottom": "4%",
      }
    }
  >
    <View>
      <View
        collapsable={false}
        style={
          Object {
            "transform": Array [
              Object {
                "scale": 1,
              },
            ],
          }
        }
      >
        <View
          accessible={true}
          collapsable={false}
          focusable={true}
          onClick={[Function]}
          onResponderGrant={[Function]}
          onResponderMove={[Function]}
          onResponderRelease={[Function]}
          onResponderTerminate={[Function]}
          onResponderTerminationRequest={[Function]}
          onStartShouldSetResponder={[Function]}
          style={
            Object {
              "alignItems": "center",
              "backgroundColor": "#087562",
              "borderRadius": 13,
              "display": "flex",
              "flexDirection": "row",
              "height": 43,
              "justifyContent": "center",
              "opacity": 1,
              "width": 682.5,
            }
          }
        >
          <Text
            style={
              Object {
                "color": "#EFEFEF",
                "fontFamily": "Poppins-SemiBold",
                "fontSize": 17,
                "letterSpacing": 0.5,
              }
            }
          >
            Create Account
          </Text>
        </View>
      </View>
    </View>
  </View>
</View>
`;
